Loaded config file
step: 1
trees healthy: 0.9993137927654152 on fire: 0.0006862072345848446 burnt: 0.0 extinguished: 0.0
step: 2
trees healthy: 0.9981374375061268 on fire: 0.0015684736790510733 burnt: 0.00029408881482207626 extinguished: 0.0
step: 3
trees healthy: 0.9963729046171944 on fire: 0.003234976963042839 burnt: 0.00039211841976276833 extinguished: 0.0
step: 4
trees healthy: 0.9940201940986177 on fire: 0.005391628271738065 burnt: 0.0005881776296441525 extinguished: 0.0
step: 5
trees healthy: 0.9910793059503971 on fire: 0.006764042740907754 burnt: 0.002156651308695226 extinguished: 0.0
step: 6
trees healthy: 0.9875502401725321 on fire: 0.009312812469365748 burnt: 0.0031369473581021466 extinguished: 0.0
step: 7
trees healthy: 0.983432996765023 on fire: 0.011567493383001667 burnt: 0.004999509851975297 extinguished: 0.0
step: 8
trees healthy: 0.9787275757278698 on fire: 0.014214292716400352 burnt: 0.007058131555729831 extinguished: 0.0
step: 9
trees healthy: 0.9734339770610725 on fire: 0.015390647975688659 burnt: 0.011175374963238898 extinguished: 0.0
step: 10
trees healthy: 0.9675522007646309 on fire: 0.017547299284383883 burnt: 0.014900499950985198 extinguished: 0.0
step: 11
trees healthy: 0.9611802764434859 on fire: 0.019507891383197726 burnt: 0.01931183217331634 extinguished: 0.0
step: 12
trees healthy: 0.9541221448877562 on fire: 0.021762572296833645 burnt: 0.024115282815410255 extinguished: 0.0
step: 13
trees healthy: 0.9463778060974414 on fire: 0.02440937163023233 burnt: 0.02921282227232624 extinguished: 0.0
step: 14
trees healthy: 0.9381433192824233 on fire: 0.02489951965493579 burnt: 0.036957161062640916 extinguished: 0.0
step: 15
trees healthy: 0.929320654837761 on fire: 0.027644348593275168 burnt: 0.043034996568963826 extinguished: 0.0
step: 16
trees healthy: 0.9200078423683953 on fire: 0.029800999901970396 burnt: 0.050191157729634346 extinguished: 0.0
step: 17
trees healthy: 0.9100088226644447 on fire: 0.03254582884030977 burnt: 0.05744534849524557 extinguished: 0.0
step: 18
trees healthy: 0.8993235957259093 on fire: 0.03509459856876777 burnt: 0.065581805705323 extinguished: 0.0
step: 19
trees healthy: 0.8883442799725517 on fire: 0.037153220272522304 burnt: 0.07450249975492598 extinguished: 0.0
step: 20
trees healthy: 0.8763846681697873 on fire: 0.03891775316145476 burnt: 0.08469757866875796 extinguished: 0.0
step: 21
trees healthy: 0.8641309675522008 on fire: 0.04176061170473483 burnt: 0.0941084207430644 extinguished: 0.0
step: 22
trees healthy: 0.85128908930497 on fire: 0.04607391432212528 burnt: 0.10263699637290462 extinguished: 0.0
step: 23
trees healthy: 0.8378590334280953 on fire: 0.046760121556710124 burnt: 0.11538084501519459 extinguished: 0.0
step: 24
trees healthy: 0.8234486815018135 on fire: 0.048524654445642586 burnt: 0.12802666405254387 extinguished: 0.0
step: 25
trees healthy: 0.8091363591804726 on fire: 0.050191157729634346 burnt: 0.14067248308989314 extinguished: 0.0
step: 26
trees healthy: 0.7935496519949025 on fire: 0.0533281050877365 burnt: 0.15312224291736104 extinguished: 0.0
step: 27
trees healthy: 0.7778649152043917 on fire: 0.05597490442113518 burnt: 0.16616018037447308 extinguished: 0.0
step: 28
trees healthy: 0.7615920007842368 on fire: 0.05675914126066072 burnt: 0.18164885795510244 extinguished: 0.0
step: 29
trees healthy: 0.7442407607097343 on fire: 0.05989608861876287 burnt: 0.19586315067150278 extinguished: 0.0
step: 30
trees healthy: 0.7263993726105283 on fire: 0.061758651112636016 burnt: 0.2118419762768356 extinguished: 0.0
step: 31
trees healthy: 0.7084599549063817 on fire: 0.06264091755710224 burnt: 0.22889912753651603 extinguished: 0.0
step: 32
trees healthy: 0.6896382707577688 on fire: 0.06391530242133124 burnt: 0.2464464268208999 extinguished: 0.0
step: 33
trees healthy: 0.6703264385844525 on fire: 0.06803254582884032 burnt: 0.26164101558670716 extinguished: 0.0
step: 34
trees healthy: 0.65013233996667 on fire: 0.07126752279188314 burnt: 0.27860013724144694 extinguished: 0.0
step: 35
trees healthy: 0.6294480933241839 on fire: 0.07205175963140868 burnt: 0.2985001470444074 extinguished: 0.0
step: 36
trees healthy: 0.6084697578668758 on fire: 0.07450249975492598 burnt: 0.3170277423781982 extinguished: 0.0
step: 37
trees healthy: 0.5866091559651014 on fire: 0.07705126948338398 burnt: 0.33633957455151453 extinguished: 0.0
step: 38
trees healthy: 0.5644544652485051 on fire: 0.07861974316243506 burnt: 0.3569257915890599 extinguished: 0.0
step: 39
trees healthy: 0.5414175080874424 on fire: 0.08087442407607097 burnt: 0.37770806783648664 extinguished: 0.0
step: 40
trees healthy: 0.5176943436917949 on fire: 0.0817566905205372 burnt: 0.40054896578766785 extinguished: 0.0
step: 41
trees healthy: 0.49387314969120677 on fire: 0.08518772669346142 burnt: 0.4209391236153318 extinguished: 0.0
step: 42
trees healthy: 0.46897363003627096 on fire: 0.08754043721203804 burnt: 0.443485932751691 extinguished: 0.0
step: 43
trees healthy: 0.44407411038133515 on fire: 0.08940299970591119 burnt: 0.46652288991275365 extinguished: 0.0
step: 44
trees healthy: 0.4178021762572297 on fire: 0.09057935496519949 burnt: 0.4916184687775708 extinguished: 0.0
step: 45
trees healthy: 0.3915302421331242 on fire: 0.09401039113812372 burnt: 0.514459366728752 extinguished: 0.0
step: 46
trees healthy: 0.36457210077443386 on fire: 0.09704930889128517 burnt: 0.5383785903342809 extinguished: 0.0
step: 47
trees healthy: 0.336829722576218 on fire: 0.10057837466915008 burnt: 0.5625919027546319 extinguished: 0.0
step: 48
trees healthy: 0.3086952259582394 on fire: 0.10057837466915008 burnt: 0.5907263993726105 extinguished: 0.0
step: 49
trees healthy: 0.27958043329085386 on fire: 0.10420547005195568 burnt: 0.6162140966571905 extinguished: 0.0
step: 50
trees healthy: 0.250563670228409 on fire: 0.10489167728654053 burnt: 0.6445446524850504 extinguished: 0.0
Simulation finished!
Overall statistics:
Chosen strategie finding algorithm: user
Time steps needed: 51
Trees remained healthy(%): 25.0563670228409
Extinguished Trees(%): 0.0
Burnt Trees(%): 64.45446524850504
success metric value: 4.833820213704536
